[36mvite v5.4.21 [32mbuilding for production...[36m[39m
transforming...
[32mΓ£ô[39m 3 modules transformed.
node.exe : 
[31mx[39m Build 
failed in 1.50s
At line:1 char:1
+ & "C:\Program File
s\nodejs/node.exe" 
"C:\Program Files\no
dejs/node_mo ...
+ ~~~~~~~~~~~~~~~~~~
~~~~~~~~~~~~~~~~~~~~
~~~~~~~~~~~~~~~~~~~~
~~~~~~~~~~~
    + CategoryInfo  
            : NotS  
  pecified: ([31   
 mx[39m Build f    
ailed in 1.50s:    
String) [], Rem    
oteException
    + FullyQualifie 
   dErrorId : Nati  
  veCommandError
 
[31merror during 
build:
[31m[vite:css] 
[postcss] It looks 
like you're trying 
to use 
`tailwindcss` 
directly as a 
PostCSS plugin. The 
PostCSS plugin has 
moved to a separate 
package, so to 
continue using 
Tailwind CSS with 
PostCSS you'll need 
to install `@tailwin
dcss/postcss` and 
update your PostCSS 
configuration.[31m
file: [36mD:/React/
React/React/src/styl
es.css:undefined:NaN
[31m
    at at (D:\React\
node_modules\tailwin
dcss\dist\lib.js:38:
1643)
    at LazyResult.ru
nOnRoot (D:\React\Re
act\React\node_modul
es\postcss\lib\lazy-
result.js:361:16)
    at 
LazyResult.runAsync 
(D:\React\React\Reac
t\node_modules\postc
ss\lib\lazy-result.j
s:290:26)
    at async 
compileCSS (file:///
D:/React/React/React
/node_modules/vite/d
ist/node/chunks/dep-
BK3b2jBa.js:36898:21
)
    at async 
Object.transform (fi
le:///D:/React/React
/React/node_modules/
vite/dist/node/chunk
s/dep-BK3b2jBa.js:36
171:11)
    at async 
transform (file:///D
:/React/React/React/
node_modules/rollup/
dist/es/shared/node-
entry.js:21149:16)
    at async ModuleL
oader.addModuleSourc
e (file:///D:/React/
React/React/node_mod
ules/rollup/dist/es/
shared/node-entry.js
:21363:36)[39m
